AREA .  .ABS.
	RADIX HEX
	BASE 0000
	SIZE 0000
	ATTRIB ABS OVR
	GLOBALS
		l__HEAP	0000
		l__BSEG	0000
		l_.  .ABS.	0000
		l__GSFINAL	0000
		l__ISEG	0000
		s_.  .ABS.	0000
		s__HEADER	0000
		l__XSEG	0000
		.init	0000
		l__OVERLAY	0000
		l__LIT	0000
		s__SFR	0000
		l__GSINITTAIL	0001
		l__BSS	0059
		l__HOME	01AC
		l__HEADER	01E1
		l__BASE	01E2
		s__CODE	0200
		l__DATA	0A77
		l__CODE	11B7
		s__HOME	13B7
		s__BASE	1563
		s__LIT	1745
		s__GSINIT	1745
		l__GSINIT	3D08
		s__GSINITTAIL	544D
		s__GSFINAL	544E
		.OAM	C000
		s__DATA	C0A0
		s__BSS	CB17
		s__HEAP	CB70
		s__BSEG	CB70
		s__ISEG	CB70
		s__XSEG	CB70
		s__OVERLAY	CB70
		.STACK	E000
		.refresh_OAM	FF80
		l__SFR	10000
AREA _CODE
	RADIX HEX
	BASE 0200
	SIZE 11B7
	ATTRIB REL CON
	GLOBALS
		_performantdelay	0200
		_checkcollisionsNave	0214
		_checkcollisionsBoss	03C7
		_resetWindowMap	0538
		_setupHUD	0563
		_moveGameBoss	05B0
		_moveGameNave	07E6
		_moveGameBullet	0870
		_bossMoveFase1	088B
		_setupBulletNave	09A6
		_setupBulletBoss	0A49
		_setupNave	0A75
		_setupBoss1	0B15
		_playShotSoundNave	0BB3
		_playLobbySound	0BC8
		_naveShotFire	0BDD
		_bossShotFire	0D5D
		_inGaming	0E89
		_startFase1	10FB
		_screenHighscore	1174
		_fadeout	1175
		_fadein	11CA
		_menu	1215
		_main	13A4
AREA _HEADER
	RADIX HEX
	BASE 0000
	SIZE 01E1
	ATTRIB ABS OVR
	GLOBALS
		_exit	01D2
AREA _HOME
	RADIX HEX
	BASE 13B7
	SIZE 01AC
	ATTRIB REL CON
	GLOBALS
		.set_mode	13B7
		.remove_VBL	13C7
		.remove_LCD	13CD
		.remove_TIM	13D3
		.remove_SIO	13D9
		.remove_JOY	13DF
		.add_VBL	13E5
		.add_LCD	13EB
		.add_TIM	13F1
		.add_SIO	13F7
		.add_JOY	13FD
		.remove_int	1403
		.add_int	1423
		.wait_vbl_done	143F
		_wait_vbl_done	143F
		_display_off	1456
		.display_off	1456
		.serial_IO	1477
		_mode	14A6
		_get_mode	14AF
		_enable_interrupts	14B4
		_disable_interrupts	14B6
		_reset	14B8
		.reset	14B8
		_set_interrupts	14BE
		_remove_VBL	14C9
		_remove_LCD	14D4
		_remove_TIM	14DF
		_remove_SIO	14EA
		_remove_JOY	14F5
		_add_VBL	1500
		_add_LCD	150B
		_add_TIM	1516
		_add_SIO	1521
		_add_JOY	152C
		_clock	1537
		__printTStates	1540
		banked_call	1541
		banked_ret	155A
AREA _BASE
	RADIX HEX
	BASE 1563
	SIZE 01E2
	ATTRIB REL CON
	GLOBALS
		_move_win	1563
		.mv_sprite	156C
		_move_sprite	157B
		_set_win_data	1588
		_set_bkg_data	1588
		_set_sprite_data	15D5
		__mulschar	1604
		__muluchar	1604
		__mulsint	1610
		__muluint	1610
		.mulu16	1624
		.mul16	1624
		.padup	163A
		_waitpadup	163A
		.jpad	164A
		.wait_pad	1677
		_joypad	167E
		_waitpad	1683
		.set_sprite_tile	168D
		_set_sprite_tile	169A
		.copy_vram	16A5
		_get_data	16B4
		_set_data	16B4
		_set_bkg_tiles	16C7
		.set_xy_wtt	16DB
		.set_xy_btt	16EC
		.set_xy_tt	16FB
		_set_tiles	172C
AREA _LIT
	RADIX HEX
	BASE 1745
	SIZE 0000
	ATTRIB REL CON
AREA _GSINIT
	RADIX HEX
	BASE 1745
	SIZE 3D08
	ATTRIB REL CON
	GLOBALS
		gsinit	1745
AREA _GSINITTAIL
	RADIX HEX
	BASE 544D
	SIZE 0001
	ATTRIB REL CON
AREA _GSFINAL
	RADIX HEX
	BASE 544E
	SIZE 0000
	ATTRIB REL CON
AREA _DATA
	RADIX HEX
	BASE C0A0
	SIZE 0A77
	ATTRIB REL CON
	GLOBALS
		_fase1Bkg	C0A0
		_fontMainScreen	C208
		_keyboarddata	C4D8
		_bgmainscreen	C7A8
		_sprites	C910
		_heartSprite	C920
		_backgroundFase1Sprite	C930
		_naveSprite	C960
		_boss1Sprite	C9B0
		_windowMap	CAC0
		_i	CAC7
		_isInMainScreen	CAC8
		_isInFase1	CAC9
		_qtdBalas	CACA
		_dirXBoss	CACB
		_dirYBoss	CACC
		_cursor	CACD
		_nave	CAD1
		_boss1	CADB
		_bulletNave	CAF2
		_bulletBoss	CB10
		_spriteSize	CB16
AREA _BSS
	RADIX HEX
	BASE CB17
	SIZE 0059
	ATTRIB REL CON
	GLOBALS
		__cpu	CB17
		.mode	CB18
		__io_out	CB19
		__io_in	CB1A
		__io_status	CB1B
		.vbl_done	CB1C
		__current_bank	CB1D
		_sys_time	CB1E
		.sys_time	CB1E
		.int_0x40	CB20
		.int_0x48	CB30
		.int_0x50	CB40
		.int_0x58	CB50
		.int_0x60	CB60
AREA _HEAP
	RADIX HEX
	BASE CB70
	SIZE 0000
	ATTRIB REL CON
	GLOBALS
		_malloc_heap_start	CB70
AREA _OVERLAY
	RADIX HEX
	BASE CB70
	SIZE 0000
	ATTRIB REL CON
AREA _ISEG
	RADIX HEX
	BASE CB70
	SIZE 0000
	ATTRIB REL CON
AREA _BSEG
	RADIX HEX
	BASE CB70
	SIZE 0000
	ATTRIB REL CON
AREA _XSEG
	RADIX HEX
	BASE CB70
	SIZE 0000
	ATTRIB REL CON
AREA _SFR
	RADIX HEX
	BASE 0000
	SIZE 10000
	ATTRIB ABS OVR
	GLOBALS
		_P1_REG	FF00
		_SB_REG	FF01
		_SC_REG	FF02
		_DIV_REG	FF04
		_TIMA_REG	FF05
		_TMA_REG	FF06
		_TAC_REG	FF07
		_IF_REG	FF0F
		_NR10_REG	FF10
		_NR11_REG	FF11
		_NR12_REG	FF12
		_NR13_REG	FF13
		_NR14_REG	FF14
		_NR21_REG	FF16
		_NR22_REG	FF17
		_NR23_REG	FF18
		_NR24_REG	FF19
		_NR30_REG	FF1A
		_NR31_REG	FF1B
		_NR32_REG	FF1C
		_NR33_REG	FF1D
		_NR34_REG	FF1E
		_NR41_REG	FF20
		_NR42_REG	FF21
		_NR43_REG	FF22
		_NR44_REG	FF23
		_NR50_REG	FF24
		_NR51_REG	FF25
		_NR52_REG	FF26
		_LCDC_REG	FF40
		_STAT_REG	FF41
		_SCY_REG	FF42
		_SCX_REG	FF43
		_LY_REG	FF44
		_LYC_REG	FF45
		_DMA_REG	FF46
		_BGP_REG	FF47
		_OBP0_REG	FF48
		_OBP1_REG	FF49
		_WY_REG	FF4A
		_WX_REG	FF4B
		_KEY1_REG	FF4D
		_VBK_REG	FF4F
		_HDMA1_REG	FF51
		_HDMA2_REG	FF52
		_HDMA3_REG	FF53
		_HDMA4_REG	FF54
		_HDMA5_REG	FF55
		_RP_REG	FF56
		_BCPS_REG	FF68
		_BCPD_REG	FF69
		_OCPS_REG	FF6A
		_OCPD_REG	FF6B
		_SVBK_REG	FF70
		_IE_REG	FFFF
MODULES
	FILE c:\gbdk\lib/small/asxxxx/gb/crt0.o
		NAME Runtime
	FILE main.o
		NAME lcc146960
LIBRARIES
	LIBRARY c:\gbdk\lib/small/asxxxx/gb/gb.lib
		MODULE sfr.o
	LIBRARY c:\gbdk\lib/small/asxxxx/gb/gb.lib
		MODULE mv_win.o
	LIBRARY c:\gbdk\lib/small/asxxxx/gb/gb.lib
		MODULE mv_spr.o
	LIBRARY c:\gbdk\lib/small/asxxxx/gb/gb.lib
		MODULE set_data.o
	LIBRARY c:\gbdk\lib/small/asxxxx/gbz80/gbz80.lib
		MODULE mul.o
	LIBRARY c:\gbdk\lib/small/asxxxx/gb/gb.lib
		MODULE pad.o
	LIBRARY c:\gbdk\lib/small/asxxxx/gb/gb.lib
		MODULE set_spr.o
	LIBRARY c:\gbdk\lib/small/asxxxx/gb/gb.lib
		MODULE cpy_data.o
	LIBRARY c:\gbdk\lib/small/asxxxx/gb/gb.lib
		MODULE set_bk_t.o
	LIBRARY c:\gbdk\lib/small/asxxxx/gb/gb.lib
		MODULE set_xy_t.o
USERBASEDEF
	_CODE=0x0200
	_DATA=0xC0A0
	_CODE_1=0x4000
USERGLOBALDEF
	.OAM=0xC000
	.STACK=0xE000
	.refresh_OAM=0xFF80
	.init=0x0000
