AREA .  .ABS.
	RADIX HEX
	BASE 0000
	SIZE 0000
	ATTRIB ABS OVR
	GLOBALS
		l__HEAP	0000
		l__BSEG	0000
		l_.  .ABS.	0000
		l__GSFINAL	0000
		l__ISEG	0000
		s_.  .ABS.	0000
		s__HEADER	0000
		l__XSEG	0000
		.init	0000
		l__OVERLAY	0000
		l__LIT	0000
		s__SFR	0000
		l__GSINITTAIL	0001
		l__BSS	0059
		l__HOME	01AC
		l__HEADER	01E1
		s__CODE	0200
		l__BASE	0201
		l__DATA	0A77
		l__CODE	1518
		s__HOME	1718
		s__BASE	18C4
		s__LIT	1AC5
		s__GSINIT	1AC5
		l__GSINIT	3D08
		s__GSINITTAIL	57CD
		s__GSFINAL	57CE
		.OAM	C000
		s__DATA	C0A0
		s__BSS	CB17
		s__HEAP	CB70
		s__BSEG	CB70
		s__ISEG	CB70
		s__XSEG	CB70
		s__OVERLAY	CB70
		.STACK	E000
		.refresh_OAM	FF80
		l__SFR	10000
AREA _CODE
	RADIX HEX
	BASE 0200
	SIZE 1518
	ATTRIB REL CON
	GLOBALS
		_performantdelay	0200
		_bkg_data	0214
		_bkg_tiles	04E4
		_checkcollisionsNave	0524
		_checkcollisionsBoss	06D7
		_resetWindowMap	0848
		_setupHUD	0873
		_moveGameBoss	08C0
		_moveGameNave	0AF6
		_moveGameBullet	0B80
		_bossMoveFase1	0B9B
		_setupBulletNave	0CB6
		_setupBulletBoss	0D59
		_setupNave	0D85
		_setupBoss1	0E25
		_playShotSoundNave	0EC3
		_playLobbySound	0ED8
		_naveShotFire	0EED
		_bossShotFire	106D
		_inGaming	1199
		_startFase1	1418
		_screenHighscore	14D5
		_fadeout	14D6
		_fadein	152B
		_menu	1576
		_main	1705
AREA _HEADER
	RADIX HEX
	BASE 0000
	SIZE 01E1
	ATTRIB ABS OVR
	GLOBALS
		_exit	01D2
AREA _HOME
	RADIX HEX
	BASE 1718
	SIZE 01AC
	ATTRIB REL CON
	GLOBALS
		.set_mode	1718
		.remove_VBL	1728
		.remove_LCD	172E
		.remove_TIM	1734
		.remove_SIO	173A
		.remove_JOY	1740
		.add_VBL	1746
		.add_LCD	174C
		.add_TIM	1752
		.add_SIO	1758
		.add_JOY	175E
		.remove_int	1764
		.add_int	1784
		.wait_vbl_done	17A0
		_wait_vbl_done	17A0
		_display_off	17B7
		.display_off	17B7
		.serial_IO	17D8
		_mode	1807
		_get_mode	1810
		_enable_interrupts	1815
		_disable_interrupts	1817
		_reset	1819
		.reset	1819
		_set_interrupts	181F
		_remove_VBL	182A
		_remove_LCD	1835
		_remove_TIM	1840
		_remove_SIO	184B
		_remove_JOY	1856
		_add_VBL	1861
		_add_LCD	186C
		_add_TIM	1877
		_add_SIO	1882
		_add_JOY	188D
		_clock	1898
		__printTStates	18A1
		banked_call	18A2
		banked_ret	18BB
AREA _BASE
	RADIX HEX
	BASE 18C4
	SIZE 0201
	ATTRIB REL CON
	GLOBALS
		_scroll_bkg	18C4
		_move_win	18DA
		.mv_sprite	18E3
		_move_sprite	18F2
		_set_win_data	18FF
		_set_bkg_data	18FF
		_set_sprite_data	194C
		__mulschar	197B
		__muluchar	197B
		__mulsint	1987
		__muluint	1987
		.mulu16	199B
		.mul16	199B
		.padup	19B1
		_waitpadup	19B1
		.jpad	19C1
		.wait_pad	19EE
		_joypad	19F5
		_waitpad	19FA
		_move_bkg	1A04
		.set_sprite_tile	1A0D
		_set_sprite_tile	1A1A
		.copy_vram	1A25
		_get_data	1A34
		_set_data	1A34
		_set_bkg_tiles	1A47
		.set_xy_wtt	1A5B
		.set_xy_btt	1A6C
		.set_xy_tt	1A7B
		_set_tiles	1AAC
AREA _LIT
	RADIX HEX
	BASE 1AC5
	SIZE 0000
	ATTRIB REL CON
AREA _GSINIT
	RADIX HEX
	BASE 1AC5
	SIZE 3D08
	ATTRIB REL CON
	GLOBALS
		gsinit	1AC5
AREA _GSINITTAIL
	RADIX HEX
	BASE 57CD
	SIZE 0001
	ATTRIB REL CON
AREA _GSFINAL
	RADIX HEX
	BASE 57CE
	SIZE 0000
	ATTRIB REL CON
AREA _DATA
	RADIX HEX
	BASE C0A0
	SIZE 0A77
	ATTRIB REL CON
	GLOBALS
		_fase1Bkg	C0A0
		_fontMainScreen	C208
		_keyboarddata	C4D8
		_bgmainscreen	C7A8
		_sprites	C910
		_heartSprite	C920
		_backgroundFase1Sprite	C930
		_naveSprite	C960
		_boss1Sprite	C9B0
		_windowMap	CAC0
		_i	CAC7
		_isInMainScreen	CAC8
		_isInFase1	CAC9
		_qtdBalas	CACA
		_dirXBoss	CACB
		_dirYBoss	CACC
		_cursor	CACD
		_nave	CAD1
		_boss1	CADB
		_bulletNave	CAF2
		_bulletBoss	CB10
		_spriteSize	CB16
AREA _BSS
	RADIX HEX
	BASE CB17
	SIZE 0059
	ATTRIB REL CON
	GLOBALS
		__cpu	CB17
		.mode	CB18
		__io_out	CB19
		__io_in	CB1A
		__io_status	CB1B
		.vbl_done	CB1C
		__current_bank	CB1D
		_sys_time	CB1E
		.sys_time	CB1E
		.int_0x40	CB20
		.int_0x48	CB30
		.int_0x50	CB40
		.int_0x58	CB50
		.int_0x60	CB60
AREA _HEAP
	RADIX HEX
	BASE CB70
	SIZE 0000
	ATTRIB REL CON
	GLOBALS
		_malloc_heap_start	CB70
AREA _OVERLAY
	RADIX HEX
	BASE CB70
	SIZE 0000
	ATTRIB REL CON
AREA _ISEG
	RADIX HEX
	BASE CB70
	SIZE 0000
	ATTRIB REL CON
AREA _BSEG
	RADIX HEX
	BASE CB70
	SIZE 0000
	ATTRIB REL CON
AREA _XSEG
	RADIX HEX
	BASE CB70
	SIZE 0000
	ATTRIB REL CON
AREA _SFR
	RADIX HEX
	BASE 0000
	SIZE 10000
	ATTRIB ABS OVR
	GLOBALS
		_P1_REG	FF00
		_SB_REG	FF01
		_SC_REG	FF02
		_DIV_REG	FF04
		_TIMA_REG	FF05
		_TMA_REG	FF06
		_TAC_REG	FF07
		_IF_REG	FF0F
		_NR10_REG	FF10
		_NR11_REG	FF11
		_NR12_REG	FF12
		_NR13_REG	FF13
		_NR14_REG	FF14
		_NR21_REG	FF16
		_NR22_REG	FF17
		_NR23_REG	FF18
		_NR24_REG	FF19
		_NR30_REG	FF1A
		_NR31_REG	FF1B
		_NR32_REG	FF1C
		_NR33_REG	FF1D
		_NR34_REG	FF1E
		_NR41_REG	FF20
		_NR42_REG	FF21
		_NR43_REG	FF22
		_NR44_REG	FF23
		_NR50_REG	FF24
		_NR51_REG	FF25
		_NR52_REG	FF26
		_LCDC_REG	FF40
		_STAT_REG	FF41
		_SCY_REG	FF42
		_SCX_REG	FF43
		_LY_REG	FF44
		_LYC_REG	FF45
		_DMA_REG	FF46
		_BGP_REG	FF47
		_OBP0_REG	FF48
		_OBP1_REG	FF49
		_WY_REG	FF4A
		_WX_REG	FF4B
		_KEY1_REG	FF4D
		_VBK_REG	FF4F
		_HDMA1_REG	FF51
		_HDMA2_REG	FF52
		_HDMA3_REG	FF53
		_HDMA4_REG	FF54
		_HDMA5_REG	FF55
		_RP_REG	FF56
		_BCPS_REG	FF68
		_BCPD_REG	FF69
		_OCPS_REG	FF6A
		_OCPD_REG	FF6B
		_SVBK_REG	FF70
		_IE_REG	FFFF
MODULES
	FILE c:\gbdk\lib/small/asxxxx/gb/crt0.o
		NAME Runtime
	FILE main.o
		NAME lcc97080
LIBRARIES
	LIBRARY c:\gbdk\lib/small/asxxxx/gb/gb.lib
		MODULE sfr.o
	LIBRARY c:\gbdk\lib/small/asxxxx/gb/gb.lib
		MODULE scroll_b.o
	LIBRARY c:\gbdk\lib/small/asxxxx/gb/gb.lib
		MODULE mv_win.o
	LIBRARY c:\gbdk\lib/small/asxxxx/gb/gb.lib
		MODULE mv_spr.o
	LIBRARY c:\gbdk\lib/small/asxxxx/gb/gb.lib
		MODULE set_data.o
	LIBRARY c:\gbdk\lib/small/asxxxx/gbz80/gbz80.lib
		MODULE mul.o
	LIBRARY c:\gbdk\lib/small/asxxxx/gb/gb.lib
		MODULE pad.o
	LIBRARY c:\gbdk\lib/small/asxxxx/gb/gb.lib
		MODULE mv_bkg.o
	LIBRARY c:\gbdk\lib/small/asxxxx/gb/gb.lib
		MODULE set_spr.o
	LIBRARY c:\gbdk\lib/small/asxxxx/gb/gb.lib
		MODULE cpy_data.o
	LIBRARY c:\gbdk\lib/small/asxxxx/gb/gb.lib
		MODULE set_bk_t.o
	LIBRARY c:\gbdk\lib/small/asxxxx/gb/gb.lib
		MODULE set_xy_t.o
USERBASEDEF
	_CODE=0x0200
	_DATA=0xC0A0
	_CODE_1=0x4000
USERGLOBALDEF
	.OAM=0xC000
	.STACK=0xE000
	.refresh_OAM=0xFF80
	.init=0x0000
