AREA .  .ABS.
	RADIX HEX
	BASE 0000
	SIZE 0000
	ATTRIB ABS OVR
	GLOBALS
		l__HEAP	0000
		l__BSEG	0000
		l_.  .ABS.	0000
		l__GSFINAL	0000
		l__ISEG	0000
		s_.  .ABS.	0000
		s__HEADER	0000
		l__XSEG	0000
		.init	0000
		l__OVERLAY	0000
		l__LIT	0000
		s__SFR	0000
		l__GSINITTAIL	0001
		l__BSS	0059
		l__HOME	01AC
		l__BASE	01D9
		l__HEADER	01E1
		s__CODE	0200
		l__CODE	0915
		l__DATA	0990
		s__HOME	0B15
		s__BASE	0CC1
		s__LIT	0E9A
		s__GSINIT	0E9A
		l__GSINIT	37EF
		s__GSINITTAIL	4689
		s__GSFINAL	468A
		.OAM	C000
		s__DATA	C0A0
		s__BSS	CA30
		s__HEAP	CA89
		s__BSEG	CA89
		s__ISEG	CA89
		s__XSEG	CA89
		s__OVERLAY	CA89
		.STACK	E000
		.refresh_OAM	FF80
		l__SFR	10000
AREA _CODE
	RADIX HEX
	BASE 0200
	SIZE 0915
	ATTRIB REL CON
	GLOBALS
		_performantdelay	0200
		_checkcollisions	0214
		_moveGameCharacter	0385
		_moveGameBullet	040F
		_setupBulletNave	042A
		_setupBulletBoss	04CD
		_setupNave	04F9
		_setupBoss1	0599
		_naveShotFire	0639
		_inGaming	06C1
		_startFase1	089E
		_screenHighscore	08F5
		_fadeout	08F6
		_fadein	094B
		_main	0996
AREA _HEADER
	RADIX HEX
	BASE 0000
	SIZE 01E1
	ATTRIB ABS OVR
	GLOBALS
		_exit	01D2
AREA _HOME
	RADIX HEX
	BASE 0B15
	SIZE 01AC
	ATTRIB REL CON
	GLOBALS
		.set_mode	0B15
		.remove_VBL	0B25
		.remove_LCD	0B2B
		.remove_TIM	0B31
		.remove_SIO	0B37
		.remove_JOY	0B3D
		.add_VBL	0B43
		.add_LCD	0B49
		.add_TIM	0B4F
		.add_SIO	0B55
		.add_JOY	0B5B
		.remove_int	0B61
		.add_int	0B81
		.wait_vbl_done	0B9D
		_wait_vbl_done	0B9D
		_display_off	0BB4
		.display_off	0BB4
		.serial_IO	0BD5
		_mode	0C04
		_get_mode	0C0D
		_enable_interrupts	0C12
		_disable_interrupts	0C14
		_reset	0C16
		.reset	0C16
		_set_interrupts	0C1C
		_remove_VBL	0C27
		_remove_LCD	0C32
		_remove_TIM	0C3D
		_remove_SIO	0C48
		_remove_JOY	0C53
		_add_VBL	0C5E
		_add_LCD	0C69
		_add_TIM	0C74
		_add_SIO	0C7F
		_add_JOY	0C8A
		_clock	0C95
		__printTStates	0C9E
		banked_call	0C9F
		banked_ret	0CB8
AREA _BASE
	RADIX HEX
	BASE 0CC1
	SIZE 01D9
	ATTRIB REL CON
	GLOBALS
		.mv_sprite	0CC1
		_move_sprite	0CD0
		_set_win_data	0CDD
		_set_bkg_data	0CDD
		_set_sprite_data	0D2A
		__mulschar	0D59
		__muluchar	0D59
		__mulsint	0D65
		__muluint	0D65
		.mulu16	0D79
		.mul16	0D79
		.padup	0D8F
		_waitpadup	0D8F
		.jpad	0D9F
		.wait_pad	0DCC
		_joypad	0DD3
		_waitpad	0DD8
		.set_sprite_tile	0DE2
		_set_sprite_tile	0DEF
		.copy_vram	0DFA
		_get_data	0E09
		_set_data	0E09
		_set_bkg_tiles	0E1C
		.set_xy_wtt	0E30
		.set_xy_btt	0E41
		.set_xy_tt	0E50
		_set_tiles	0E81
AREA _LIT
	RADIX HEX
	BASE 0E9A
	SIZE 0000
	ATTRIB REL CON
AREA _GSINIT
	RADIX HEX
	BASE 0E9A
	SIZE 37EF
	ATTRIB REL CON
	GLOBALS
		gsinit	0E9A
AREA _GSINITTAIL
	RADIX HEX
	BASE 4689
	SIZE 0001
	ATTRIB REL CON
AREA _GSFINAL
	RADIX HEX
	BASE 468A
	SIZE 0000
	ATTRIB REL CON
AREA _DATA
	RADIX HEX
	BASE C0A0
	SIZE 0990
	ATTRIB REL CON
	GLOBALS
		_keyboarddata	C0A0
		_bgmainscreen	C370
		_sprites	C4D8
		_fontMainScreen	C4E8
		_GameSprites	C7B8
		_backgroundFase1	C858
		_backgroundFase1Sprit	C9C0
		_i	C9F0
		_isInMainScreen	C9F1
		_qtdBalas	C9F2
		_cursor	C9F3
		_nave	C9F7
		_boss1	CA01
		_bulletNave	CA0B
		_bulletBoss	CA29
		_spriteSize	CA2F
AREA _BSS
	RADIX HEX
	BASE CA30
	SIZE 0059
	ATTRIB REL CON
	GLOBALS
		__cpu	CA30
		.mode	CA31
		__io_out	CA32
		__io_in	CA33
		__io_status	CA34
		.vbl_done	CA35
		__current_bank	CA36
		_sys_time	CA37
		.sys_time	CA37
		.int_0x40	CA39
		.int_0x48	CA49
		.int_0x50	CA59
		.int_0x58	CA69
		.int_0x60	CA79
AREA _HEAP
	RADIX HEX
	BASE CA89
	SIZE 0000
	ATTRIB REL CON
	GLOBALS
		_malloc_heap_start	CA89
AREA _OVERLAY
	RADIX HEX
	BASE CA89
	SIZE 0000
	ATTRIB REL CON
AREA _ISEG
	RADIX HEX
	BASE CA89
	SIZE 0000
	ATTRIB REL CON
AREA _BSEG
	RADIX HEX
	BASE CA89
	SIZE 0000
	ATTRIB REL CON
AREA _XSEG
	RADIX HEX
	BASE CA89
	SIZE 0000
	ATTRIB REL CON
AREA _SFR
	RADIX HEX
	BASE 0000
	SIZE 10000
	ATTRIB ABS OVR
	GLOBALS
		_P1_REG	FF00
		_SB_REG	FF01
		_SC_REG	FF02
		_DIV_REG	FF04
		_TIMA_REG	FF05
		_TMA_REG	FF06
		_TAC_REG	FF07
		_IF_REG	FF0F
		_NR10_REG	FF10
		_NR11_REG	FF11
		_NR12_REG	FF12
		_NR13_REG	FF13
		_NR14_REG	FF14
		_NR21_REG	FF16
		_NR22_REG	FF17
		_NR23_REG	FF18
		_NR24_REG	FF19
		_NR30_REG	FF1A
		_NR31_REG	FF1B
		_NR32_REG	FF1C
		_NR33_REG	FF1D
		_NR34_REG	FF1E
		_NR41_REG	FF20
		_NR42_REG	FF21
		_NR43_REG	FF22
		_NR44_REG	FF23
		_NR50_REG	FF24
		_NR51_REG	FF25
		_NR52_REG	FF26
		_LCDC_REG	FF40
		_STAT_REG	FF41
		_SCY_REG	FF42
		_SCX_REG	FF43
		_LY_REG	FF44
		_LYC_REG	FF45
		_DMA_REG	FF46
		_BGP_REG	FF47
		_OBP0_REG	FF48
		_OBP1_REG	FF49
		_WY_REG	FF4A
		_WX_REG	FF4B
		_KEY1_REG	FF4D
		_VBK_REG	FF4F
		_HDMA1_REG	FF51
		_HDMA2_REG	FF52
		_HDMA3_REG	FF53
		_HDMA4_REG	FF54
		_HDMA5_REG	FF55
		_RP_REG	FF56
		_BCPS_REG	FF68
		_BCPD_REG	FF69
		_OCPS_REG	FF6A
		_OCPD_REG	FF6B
		_SVBK_REG	FF70
		_IE_REG	FFFF
MODULES
	FILE c:\gbdk\lib/small/asxxxx/gb/crt0.o
		NAME Runtime
	FILE main.o
		NAME lcc94880
LIBRARIES
	LIBRARY c:\gbdk\lib/small/asxxxx/gb/gb.lib
		MODULE sfr.o
	LIBRARY c:\gbdk\lib/small/asxxxx/gb/gb.lib
		MODULE mv_spr.o
	LIBRARY c:\gbdk\lib/small/asxxxx/gb/gb.lib
		MODULE set_data.o
	LIBRARY c:\gbdk\lib/small/asxxxx/gbz80/gbz80.lib
		MODULE mul.o
	LIBRARY c:\gbdk\lib/small/asxxxx/gb/gb.lib
		MODULE pad.o
	LIBRARY c:\gbdk\lib/small/asxxxx/gb/gb.lib
		MODULE set_spr.o
	LIBRARY c:\gbdk\lib/small/asxxxx/gb/gb.lib
		MODULE cpy_data.o
	LIBRARY c:\gbdk\lib/small/asxxxx/gb/gb.lib
		MODULE set_bk_t.o
	LIBRARY c:\gbdk\lib/small/asxxxx/gb/gb.lib
		MODULE set_xy_t.o
USERBASEDEF
	_CODE=0x0200
	_DATA=0xC0A0
	_CODE_1=0x4000
USERGLOBALDEF
	.OAM=0xC000
	.STACK=0xE000
	.refresh_OAM=0xFF80
	.init=0x0000
