                              1 ;--------------------------------------------------------
                              2 ; File Created by SDCC : FreeWare ANSI-C Compiler
                              3 ; Version 2.2.1 Tue Feb 09 12:01:20 2021
                              4 
                              5 ;--------------------------------------------------------
                              6 	.module lcc163800
                              7 	
                              8 ;--------------------------------------------------------
                              9 ; Public variables in this module
                             10 ;--------------------------------------------------------
                             11 ;--------------------------------------------------------
                             12 ; Externals used
                             13 ;--------------------------------------------------------
                             14 	.globl __io_out
                             15 	.globl __io_in
                             16 	.globl __io_status
                             17 	.globl _sys_time
                             18 	.globl __cpu
                             19 ;--------------------------------------------------------
                             20 ; special function registers
                             21 ;--------------------------------------------------------
                             22 ;--------------------------------------------------------
                             23 ; special function bits 
                             24 ;--------------------------------------------------------
                             25 ;--------------------------------------------------------
                             26 ; internal ram data
                             27 ;--------------------------------------------------------
                             28 	.area _DATA_0
   0000                      29 _playerName::
   0000                      30 	.ds 15
   000F                      31 _faseName::
   000F                      32 	.ds 3
                             33 ;--------------------------------------------------------
                             34 ; overlayable items in internal ram 
                             35 ;--------------------------------------------------------
                             36 	.area _OVERLAY
                             37 ;--------------------------------------------------------
                             38 ; indirectly addressable internal ram data
                             39 ;--------------------------------------------------------
                             40 	.area _ISEG
                             41 ;--------------------------------------------------------
                             42 ; bit data
                             43 ;--------------------------------------------------------
                             44 	.area _BSEG
                             45 ;--------------------------------------------------------
                             46 ; external ram data
                             47 ;--------------------------------------------------------
                             48 	.area _XSEG
                             49 ;--------------------------------------------------------
                             50 ; global & static initialisations
                             51 ;--------------------------------------------------------
                             52 	.area _GSINIT
                             53 	.area _GSFINAL
                             54 	.area _GSINIT
                             55 ;--------------------------------------------------------
                             56 ; Home
                             57 ;--------------------------------------------------------
                             58 	.area _HOME
                             59 	.area _CODE
                             60 ;--------------------------------------------------------
                             61 ; code
                             62 ;--------------------------------------------------------
                             63 	.area _CODE
                             64 	.area _CODE
ASxxxx Assembler V01.75  (GameBoy Z80-like CPU), page 1.

Symbol Table

    __cpu                              **** GX
    __io_in                            **** GX
    __io_out                           **** GX
    __io_status                        **** GX
  1 _faseName                          000F GR
  1 _playerName                        0000 GR
    _sys_time                          **** GX

ASxxxx Assembler V01.75  (GameBoy Z80-like CPU), page 2.

Area Table

   0 _CODE                              size    0   flags 0
   1 _DATA_0                            size   12   flags 0
   2 _OVERLAY                           size    0   flags 0
   3 _ISEG                              size    0   flags 0
   4 _BSEG                              size    0   flags 0
   5 _XSEG                              size    0   flags 0
   6 _GSINIT                            size    0   flags 0
   7 _GSFINAL                           size    0   flags 0
   8 _HOME                              size    0   flags 0
